******************************************************************************
                  MSP430 Linker PC v4.3.3                      
******************************************************************************
>> Linked Sat Nov 22 02:07:08 2025

OUTPUT FILE NAME:   <TRF7970ABP_RFID_Reader_Demo.out>
ENTRY POINT SYMBOL: "_c_int00"  address: 0000cbba


MEMORY CONFIGURATION

         name            origin    length      used     unused   attr    fill
----------------------  --------  ---------  --------  --------  ----  --------
  SFR                   00000000   00000010  00000000  00000010  RWIX
  PERIPHERALS_8BIT      00000010   000000f0  00000000  000000f0  RWIX
  PERIPHERALS_16BIT     00000100   00000100  00000000  00000100  RWIX
  RAM                   00000200   00000200  000001c2  0000003e  RWIX
  INFOD                 00001000   00000040  00000000  00000040  RWIX
  INFOC                 00001040   00000040  00000000  00000040  RWIX
  INFOB                 00001080   00000040  00000000  00000040  RWIX
  INFOA                 000010c0   00000040  00000000  00000040  RWIX
  FLASH                 0000c000   00003fe0  000012b4  00002d2c  RWIX
  INT00                 0000ffe0   00000002  00000000  00000002  RWIX
  INT01                 0000ffe2   00000002  00000000  00000002  RWIX
  INT02                 0000ffe4   00000002  00000002  00000000  RWIX
  INT03                 0000ffe6   00000002  00000002  00000000  RWIX
  INT04                 0000ffe8   00000002  00000000  00000002  RWIX
  INT05                 0000ffea   00000002  00000002  00000000  RWIX
  INT06                 0000ffec   00000002  00000002  00000000  RWIX
  INT07                 0000ffee   00000002  00000002  00000000  RWIX
  INT08                 0000fff0   00000002  00000002  00000000  RWIX
  INT09                 0000fff2   00000002  00000002  00000000  RWIX
  INT10                 0000fff4   00000002  00000002  00000000  RWIX
  INT11                 0000fff6   00000002  00000002  00000000  RWIX
  INT12                 0000fff8   00000002  00000002  00000000  RWIX
  INT13                 0000fffa   00000002  00000002  00000000  RWIX
  INT14                 0000fffc   00000002  00000002  00000000  RWIX
  RESET                 0000fffe   00000002  00000002  00000000  RWIX


SECTION ALLOCATION MAP

 output                                  attributes/
section   page    origin      length       input sections
--------  ----  ----------  ----------   ----------------
.cinit     0    0000c000    00000000     UNINITIALIZED

.pinit     0    0000c000    00000000     UNINITIALIZED

.bss       0    00000200    000000c8     UNINITIALIZED
                  00000200    00000070     trf79xxa.obj (.bss)
                  00000270    0000001d     iso14443a.obj (.bss)
                  0000028d    00000001     --HOLE--
                  0000028e    00000014     iso15693.obj (.bss)
                  000002a2    0000000e     felica.obj (.bss)
                  000002b0    00000007     iso14443b.obj (.bss)
                  000002b7    00000001     --HOLE--
                  000002b8    00000004     rts430.lib : _lock.obj (.bss)
                  000002bc    00000004                : boot.obj (.bss)
                  000002c0    00000003     ndef.obj (.bss)
                  000002c3    00000002     VLO_Library.obj (.bss)
                  000002c5    00000001     --HOLE--
                  000002c6    00000002     mcu.obj (.bss)

.data      0    00000200    00000000     UNINITIALIZED

.stack     0    00000304    000000fa     UNINITIALIZED
                  00000304    00000002     rts430.lib : boot.obj (.stack)
                  00000306    000000f8     --HOLE--

.text      0    0000c000    00000cb2     
                  0000c000    0000024e     trf79xxa.obj (.text:TRF79xxA_processIRQ)
                  0000c24e    000000c2     trf79xxa.obj (.text:TRF79xxA_writeRaw)
                  0000c310    000000b8     uart.obj (.text:UART_putIntroReaderMsg)
                  0000c3c8    000000b8     main.obj (.text:main)
                  0000c480    0000008a     VLO_Library.obj (.text)
                  0000c50a    00000080     trf79xxa.obj (.text:TRF79xxA_setupInitiator)
                  0000c58a    00000072     trf79xxa.obj (.text:TRF79xxA_initialSettings)
                  0000c5fc    0000006c     trf79xxa.obj (.text:TRF79xxA_irqHandler)
                  0000c668    00000058     rts430.lib : div32u.obj (.text)
                  0000c6c0    00000054     iso14443a.obj (.text:ISO14443A_init)
                  0000c714    00000054     iso15693.obj (.text:ISO15693_sendCustomPacket)
                  0000c768    00000054     trf79xxa.obj (.text:TRF79xxA_waitTxIRQ)
                  0000c7bc    00000050     trf79xxa.obj (.text:TRF79xxA_reset)
                  0000c80c    0000004e     trf79xxa.obj (.text:TRF79xxA_timerHandler)
                  0000c85a    0000004c     rts430.lib : lsr16.obj (.text)
                  0000c8a6    00000046     spi.obj (.text:SPI_readCont)
                  0000c8ec    00000040     mcu.obj (.text:MCU_initClock)
                  0000c92c    00000040     rts430.lib : div32s.obj (.text)
                  0000c96c    00000036     mcu.obj (.text:MCU_setCounter)
                  0000c9a2    00000036     spi.obj (.text:SPI_rawWrite)
                  0000c9d8    00000034     spi.obj (.text:SPI_readSingle)
                  0000ca0c    00000034     trf79xxa.obj (.text:TRF79xxA_writeRegister)
                  0000ca40    00000032     spi.obj (.text:SPI_usciSet)
                  0000ca72    0000002e     iso15693.obj (.text:ISO15693_init)
                  0000caa0    0000002c     uart.obj (.text:UART_setup)
                  0000cacc    0000002c     rts430.lib : asr16.obj (.text)
                  0000caf8    0000002c                : lsl16.obj (.text)
                  0000cb24    0000002a     mcu.obj (.text:MCU_calculateVLOFreq)
                  0000cb4e    00000028     spi.obj (.text:SPI_writeSingle)
                  0000cb76    00000022     mcu.obj (.text:MCU_delayMillisecond)
                  0000cb98    00000022     spi.obj (.text:SPI_setup)
                  0000cbba    0000001e     rts430.lib : boot.obj (.text:_c_int00_noinit_noexit)
                  0000cbd8    0000001c     nfc_app.obj (.text:NFC_init)
                  0000cbf4    0000001c     spi.obj (.text:SPI_directCommand)
                  0000cc10    0000001a     felica.obj (.text:FeliCa_init)
                  0000cc2a    0000001a     iso14443b.obj (.text:ISO14443B_init)
                  0000cc44    00000016     uart.obj (.text:UART_sendCString)
                  0000cc5a    00000014     rts430.lib : mult16.obj (.text)
                  0000cc6e    00000012                : memcpy.obj (.text:memcpy)
                  0000cc80    00000010                : epilog.obj (.text)
                  0000cc90    0000000a     system_pre_init.obj (.text:_system_pre_init)
                  0000cc9a    00000006     ndef.obj (.text:NDEF_setBlockNumberBit)
                  0000cca0    00000006     trf79xxa.obj (.text:TRF79xxA_setTrfPowerSetting)
                  0000cca6    00000006     rts430.lib : isr_trap.obj (.text:__TI_ISR_TRAP)
                  0000ccac    00000004                : exit.obj (.text:abort)
                  0000ccb0    00000002                : _lock.obj (.text:_nop)

.const     0    0000ccb2    00000602     
                  0000ccb2    0000020c     felica.obj (.const:.string)
                  0000cebe    00000138     iso14443a.obj (.const:.string)
                  0000cff6    000000c0     uart.obj (.const:.string)
                  0000d0b6    00000094     iso15693.obj (.const:.string)
                  0000d14a    00000082     ndef.obj (.const:.string)
                  0000d1cc    0000007a     nfc_app.obj (.const:.string)
                  0000d246    0000003a     iso14443b.obj (.const:.string)
                  0000d280    0000001b     main.obj (.const:.string:$P$T0$1)
                  0000d29b    00000001     --HOLE-- [fill = 0]
                  0000d29c    00000018     main.obj (.const:.string)

PORT1      0    0000ffe4    00000002     
                  0000ffe4    00000002     rts430.lib : int02.obj (.int02)

PORT2      0    0000ffe6    00000002     
                  0000ffe6    00000002     trf79xxa.obj (.int03)

ADC10      0    0000ffea    00000002     
                  0000ffea    00000002     rts430.lib : int05.obj (.int05)

USCIAB0TX 
*          0    0000ffec    00000002     
                  0000ffec    00000002     rts430.lib : int06.obj (.int06)

USCIAB0RX 
*          0    0000ffee    00000002     
                  0000ffee    00000002     rts430.lib : int07.obj (.int07)

TIMER0_A1 
*          0    0000fff0    00000002     
                  0000fff0    00000002     rts430.lib : int08.obj (.int08)

TIMER0_A0 
*          0    0000fff2    00000002     
                  0000fff2    00000002     trf79xxa.obj (.int09)

WDT        0    0000fff4    00000002     
                  0000fff4    00000002     rts430.lib : int10.obj (.int10)

COMPARATORA 
*          0    0000fff6    00000002     
                  0000fff6    00000002     rts430.lib : int11.obj (.int11)

TIMER1_A1 
*          0    0000fff8    00000002     
                  0000fff8    00000002     rts430.lib : int12.obj (.int12)

TIMER1_A0 
*          0    0000fffa    00000002     
                  0000fffa    00000002     rts430.lib : int13.obj (.int13)

NMI        0    0000fffc    00000002     
                  0000fffc    00000002     rts430.lib : int14.obj (.int14)

.reset     0    0000fffe    00000002     
                  0000fffe    00000002     rts430.lib : boot.obj (.reset)


GLOBAL SYMBOLS: SORTED ALPHABETICALLY BY Name 

address    name
--------   ----
00000200   .bss
00000200   .data
0000c000   .text
0000004a   ADC10AE0
000001b0   ADC10CTL0
000001b2   ADC10CTL1
00000048   ADC10DTC0
00000049   ADC10DTC1
000001b4   ADC10MEM
000001bc   ADC10SA
00000057   BCSCTL1
00000058   BCSCTL2
00000053   BCSCTL3
0000ccac   C$$EXIT
00000059   CACTL1
0000005a   CACTL2
000010fb   CALBC1_12MHZ
000010f9   CALBC1_16MHZ
000010ff   CALBC1_1MHZ
000010fd   CALBC1_8MHZ
000010fa   CALDCO_12MHZ
000010f8   CALDCO_16MHZ
000010fe   CALDCO_1MHZ
000010fc   CALDCO_8MHZ
0000005b   CAPD
00000056   DCOCTL
00000128   FCTL1
0000012a   FCTL2
0000012c   FCTL3
0000cc10   FeliCa_init
00000000   IE1
00000001   IE2
00000002   IFG1
00000003   IFG2
0000c6c0   ISO14443A_init
0000cc2a   ISO14443B_init
0000ca72   ISO15693_init
0000c714   ISO15693_sendCustomPacket
0000cacc   I_ASR
0000caf4   I_ASR_1
0000cae2   I_ASR_10
0000cae0   I_ASR_11
0000cade   I_ASR_12
0000cadc   I_ASR_13
0000cada   I_ASR_14
0000cad8   I_ASR_15
0000caf2   I_ASR_2
0000caf0   I_ASR_3
0000caee   I_ASR_4
0000caec   I_ASR_5
0000caea   I_ASR_6
0000cae8   I_ASR_7
0000cae6   I_ASR_8
0000cae4   I_ASR_9
0000caf8   I_LSL
0000cb20   I_LSL_1
0000cb0e   I_LSL_10
0000cb0c   I_LSL_11
0000cb0a   I_LSL_12
0000cb08   I_LSL_13
0000cb06   I_LSL_14
0000cb04   I_LSL_15
0000cb1e   I_LSL_2
0000cb1c   I_LSL_3
0000cb1a   I_LSL_4
0000cb18   I_LSL_5
0000cb16   I_LSL_6
0000cb14   I_LSL_7
0000cb12   I_LSL_8
0000cb10   I_LSL_9
0000c85a   I_LSR
0000c8a0   I_LSR_1
0000c87c   I_LSR_10
0000c878   I_LSR_11
0000c874   I_LSR_12
0000c870   I_LSR_13
0000c86c   I_LSR_14
0000c868   I_LSR_15
0000c89c   I_LSR_2
0000c898   I_LSR_3
0000c894   I_LSR_4
0000c890   I_LSR_5
0000c88c   I_LSR_6
0000c888   I_LSR_7
0000c884   I_LSR_8
0000c880   I_LSR_9
0000cb24   MCU_calculateVLOFreq
0000cb76   MCU_delayMillisecond
0000c8ec   MCU_initClock
0000c96c   MCU_setCounter
0000cc9a   NDEF_setBlockNumberBit
0000cbd8   NFC_init
00000022   P1DIR
00000025   P1IE
00000024   P1IES
00000023   P1IFG
00000020   P1IN
00000021   P1OUT
00000027   P1REN
00000026   P1SEL
00000041   P1SEL2
0000002a   P2DIR
0000002d   P2IE
0000002c   P2IES
0000002b   P2IFG
00000028   P2IN
00000029   P2OUT
0000002f   P2REN
0000002e   P2SEL
00000042   P2SEL2
0000001a   P3DIR
00000018   P3IN
00000019   P3OUT
00000010   P3REN
0000001b   P3SEL
00000043   P3SEL2
0000cbf4   SPI_directCommand
0000c9a2   SPI_rawWrite
0000c8a6   SPI_readCont
0000c9d8   SPI_readSingle
0000cb98   SPI_setup
0000ca40   SPI_usciSet
0000cb4e   SPI_writeSingle
00000172   TA0CCR0
00000174   TA0CCR1
00000176   TA0CCR2
00000162   TA0CCTL0
00000164   TA0CCTL1
00000166   TA0CCTL2
00000160   TA0CTL
0000012e   TA0IV
00000170   TA0R
00000192   TA1CCR0
00000194   TA1CCR1
00000196   TA1CCR2
00000182   TA1CCTL0
00000184   TA1CCTL1
00000186   TA1CCTL2
00000180   TA1CTL
0000011e   TA1IV
00000190   TA1R
0000c480   TI_measureVLO
000010db   TLV_ADC10_1_LEN
000010da   TLV_ADC10_1_TAG
000010c0   TLV_CHECKSUM
000010f7   TLV_DCO_30_LEN
000010f6   TLV_DCO_30_TAG
0000c58a   TRF79xxA_initialSettings
0000c5fc   TRF79xxA_irqHandler
0000c000   TRF79xxA_processIRQ
0000c7bc   TRF79xxA_reset
0000cca0   TRF79xxA_setTrfPowerSetting
0000c50a   TRF79xxA_setupInitiator
0000c80c   TRF79xxA_timerHandler
0000c768   TRF79xxA_waitTxIRQ
0000c24e   TRF79xxA_writeRaw
0000ca0c   TRF79xxA_writeRegister
0000c310   UART_putIntroReaderMsg
0000cc44   UART_sendCString
0000caa0   UART_setup
0000005d   UCA0ABCTL
00000062   UCA0BR0
00000063   UCA0BR1
00000060   UCA0CTL0
00000061   UCA0CTL1
0000005f   UCA0IRRCTL
0000005e   UCA0IRTCTL
00000064   UCA0MCTL
00000066   UCA0RXBUF
00000065   UCA0STAT
00000067   UCA0TXBUF
0000006a   UCB0BR0
0000006b   UCB0BR1
00000068   UCB0CTL0
00000069   UCB0CTL1
0000006c   UCB0I2CIE
00000118   UCB0I2COA
0000011a   UCB0I2CSA
0000006e   UCB0RXBUF
0000006d   UCB0STAT
0000006f   UCB0TXBUF
00000120   WDTCTL
000003fe   __STACK_END
000000fa   __STACK_SIZE
0000cca6   __TI_ISR_TRAP
00000001   __TI_args_main
00000001   __TI_auto_init
000002bc   __TI_cleanup_ptr
000002be   __TI_dtors_ptr
00000001   __TI_exit
0000ffe4   __TI_int02
0000ffe6   __TI_int03
0000ffea   __TI_int05
0000ffec   __TI_int06
0000ffee   __TI_int07
0000fff0   __TI_int08
0000fff2   __TI_int09
0000fff4   __TI_int10
0000fff6   __TI_int11
0000fff8   __TI_int12
0000fffa   __TI_int13
0000fffc   __TI_int14
ffffffff   __binit__
00000200   __bss__
ffffffff   __c_args__
ffffffff   __cinit__
00000200   __data__
0000c92c   __divli
0000c668   __divul
00000200   __edata__
000002c8   __end__
0000ccb2   __etext__
0000cc5a   __mpyi
ffffffff   __pinit__
0000c92c   __remli
0000c668   __remul
0000c000   __text__
0000cbba   _c_int00
0000cbba   _c_int00_noinit_noexit
000002b8   _lock
0000ccb0   _nop
0000fffe   _reset_vector
00000304   _stack
0000cc90   _system_pre_init
000002ba   _unlock
0000ccac   abort
ffffffff   binit
ffffffff   cinit
00000200   edata
000002c8   end
0000ccb2   etext
0000cc8c   func_epilog_1
0000cc8a   func_epilog_2
0000cc88   func_epilog_3
0000cc86   func_epilog_4
0000cc84   func_epilog_5
0000cc82   func_epilog_6
0000cc80   func_epilog_7
00000200   g_pui8TrfBuffer
0000c3c8   main
0000cc6e   memcpy
ffffffff   pinit


GLOBAL SYMBOLS: SORTED BY Symbol Address 

address    name
--------   ----
00000000   IE1
00000001   IE2
00000001   __TI_args_main
00000001   __TI_auto_init
00000001   __TI_exit
00000002   IFG1
00000003   IFG2
00000010   P3REN
00000018   P3IN
00000019   P3OUT
0000001a   P3DIR
0000001b   P3SEL
00000020   P1IN
00000021   P1OUT
00000022   P1DIR
00000023   P1IFG
00000024   P1IES
00000025   P1IE
00000026   P1SEL
00000027   P1REN
00000028   P2IN
00000029   P2OUT
0000002a   P2DIR
0000002b   P2IFG
0000002c   P2IES
0000002d   P2IE
0000002e   P2SEL
0000002f   P2REN
00000041   P1SEL2
00000042   P2SEL2
00000043   P3SEL2
00000048   ADC10DTC0
00000049   ADC10DTC1
0000004a   ADC10AE0
00000053   BCSCTL3
00000056   DCOCTL
00000057   BCSCTL1
00000058   BCSCTL2
00000059   CACTL1
0000005a   CACTL2
0000005b   CAPD
0000005d   UCA0ABCTL
0000005e   UCA0IRTCTL
0000005f   UCA0IRRCTL
00000060   UCA0CTL0
00000061   UCA0CTL1
00000062   UCA0BR0
00000063   UCA0BR1
00000064   UCA0MCTL
00000065   UCA0STAT
00000066   UCA0RXBUF
00000067   UCA0TXBUF
00000068   UCB0CTL0
00000069   UCB0CTL1
0000006a   UCB0BR0
0000006b   UCB0BR1
0000006c   UCB0I2CIE
0000006d   UCB0STAT
0000006e   UCB0RXBUF
0000006f   UCB0TXBUF
000000fa   __STACK_SIZE
00000118   UCB0I2COA
0000011a   UCB0I2CSA
0000011e   TA1IV
00000120   WDTCTL
00000128   FCTL1
0000012a   FCTL2
0000012c   FCTL3
0000012e   TA0IV
00000160   TA0CTL
00000162   TA0CCTL0
00000164   TA0CCTL1
00000166   TA0CCTL2
00000170   TA0R
00000172   TA0CCR0
00000174   TA0CCR1
00000176   TA0CCR2
00000180   TA1CTL
00000182   TA1CCTL0
00000184   TA1CCTL1
00000186   TA1CCTL2
00000190   TA1R
00000192   TA1CCR0
00000194   TA1CCR1
00000196   TA1CCR2
000001b0   ADC10CTL0
000001b2   ADC10CTL1
000001b4   ADC10MEM
000001bc   ADC10SA
00000200   .bss
00000200   .data
00000200   __bss__
00000200   __data__
00000200   __edata__
00000200   edata
00000200   g_pui8TrfBuffer
000002b8   _lock
000002ba   _unlock
000002bc   __TI_cleanup_ptr
000002be   __TI_dtors_ptr
000002c8   __end__
000002c8   end
00000304   _stack
000003fe   __STACK_END
000010c0   TLV_CHECKSUM
000010da   TLV_ADC10_1_TAG
000010db   TLV_ADC10_1_LEN
000010f6   TLV_DCO_30_TAG
000010f7   TLV_DCO_30_LEN
000010f8   CALDCO_16MHZ
000010f9   CALBC1_16MHZ
000010fa   CALDCO_12MHZ
000010fb   CALBC1_12MHZ
000010fc   CALDCO_8MHZ
000010fd   CALBC1_8MHZ
000010fe   CALDCO_1MHZ
000010ff   CALBC1_1MHZ
0000c000   .text
0000c000   TRF79xxA_processIRQ
0000c000   __text__
0000c24e   TRF79xxA_writeRaw
0000c310   UART_putIntroReaderMsg
0000c3c8   main
0000c480   TI_measureVLO
0000c50a   TRF79xxA_setupInitiator
0000c58a   TRF79xxA_initialSettings
0000c5fc   TRF79xxA_irqHandler
0000c668   __divul
0000c668   __remul
0000c6c0   ISO14443A_init
0000c714   ISO15693_sendCustomPacket
0000c768   TRF79xxA_waitTxIRQ
0000c7bc   TRF79xxA_reset
0000c80c   TRF79xxA_timerHandler
0000c85a   I_LSR
0000c868   I_LSR_15
0000c86c   I_LSR_14
0000c870   I_LSR_13
0000c874   I_LSR_12
0000c878   I_LSR_11
0000c87c   I_LSR_10
0000c880   I_LSR_9
0000c884   I_LSR_8
0000c888   I_LSR_7
0000c88c   I_LSR_6
0000c890   I_LSR_5
0000c894   I_LSR_4
0000c898   I_LSR_3
0000c89c   I_LSR_2
0000c8a0   I_LSR_1
0000c8a6   SPI_readCont
0000c8ec   MCU_initClock
0000c92c   __divli
0000c92c   __remli
0000c96c   MCU_setCounter
0000c9a2   SPI_rawWrite
0000c9d8   SPI_readSingle
0000ca0c   TRF79xxA_writeRegister
0000ca40   SPI_usciSet
0000ca72   ISO15693_init
0000caa0   UART_setup
0000cacc   I_ASR
0000cad8   I_ASR_15
0000cada   I_ASR_14
0000cadc   I_ASR_13
0000cade   I_ASR_12
0000cae0   I_ASR_11
0000cae2   I_ASR_10
0000cae4   I_ASR_9
0000cae6   I_ASR_8
0000cae8   I_ASR_7
0000caea   I_ASR_6
0000caec   I_ASR_5
0000caee   I_ASR_4
0000caf0   I_ASR_3
0000caf2   I_ASR_2
0000caf4   I_ASR_1
0000caf8   I_LSL
0000cb04   I_LSL_15
0000cb06   I_LSL_14
0000cb08   I_LSL_13
0000cb0a   I_LSL_12
0000cb0c   I_LSL_11
0000cb0e   I_LSL_10
0000cb10   I_LSL_9
0000cb12   I_LSL_8
0000cb14   I_LSL_7
0000cb16   I_LSL_6
0000cb18   I_LSL_5
0000cb1a   I_LSL_4
0000cb1c   I_LSL_3
0000cb1e   I_LSL_2
0000cb20   I_LSL_1
0000cb24   MCU_calculateVLOFreq
0000cb4e   SPI_writeSingle
0000cb76   MCU_delayMillisecond
0000cb98   SPI_setup
0000cbba   _c_int00
0000cbba   _c_int00_noinit_noexit
0000cbd8   NFC_init
0000cbf4   SPI_directCommand
0000cc10   FeliCa_init
0000cc2a   ISO14443B_init
0000cc44   UART_sendCString
0000cc5a   __mpyi
0000cc6e   memcpy
0000cc80   func_epilog_7
0000cc82   func_epilog_6
0000cc84   func_epilog_5
0000cc86   func_epilog_4
0000cc88   func_epilog_3
0000cc8a   func_epilog_2
0000cc8c   func_epilog_1
0000cc90   _system_pre_init
0000cc9a   NDEF_setBlockNumberBit
0000cca0   TRF79xxA_setTrfPowerSetting
0000cca6   __TI_ISR_TRAP
0000ccac   C$$EXIT
0000ccac   abort
0000ccb0   _nop
0000ccb2   __etext__
0000ccb2   etext
0000ffe4   __TI_int02
0000ffe6   __TI_int03
0000ffea   __TI_int05
0000ffec   __TI_int06
0000ffee   __TI_int07
0000fff0   __TI_int08
0000fff2   __TI_int09
0000fff4   __TI_int10
0000fff6   __TI_int11
0000fff8   __TI_int12
0000fffa   __TI_int13
0000fffc   __TI_int14
0000fffe   _reset_vector
ffffffff   __binit__
ffffffff   __c_args__
ffffffff   __cinit__
ffffffff   __pinit__
ffffffff   binit
ffffffff   cinit
ffffffff   pinit

[242 symbols]
